This is pdfTeX, Version 3.141592653-2.6-1.40.28 (MiKTeX 25.12) (preloaded format=pdflatex 2026.10.5)  6 OCT 2026 14:28
entering extended mode
 restricted \write18 enabled.
 %&-line parsing enabled.
**./report/BTECH_2026/authesis.tex
(report/BTECH_2026/authesis.tex
LaTeX2e <2025-11-01>
L3 programming layer <2025-12-24>

! LaTeX Error: File `aureportm.cls' not found.

Type X to quit or <RETURN> to proceed,
or enter new name. (Default extension: cls)

Enter file name: aureportm.cls

! LaTeX Error: File `aureportm.cls' not found.

Type X to quit or <RETURN> to proceed,
or enter new name. (Default extension: cls)

Enter file name: 
! Emergency stop.
<read *> 
         
l.28 \usepackage
                {mathptm}^^M
End of file on the terminal!

 
Here is how much of TeX's memory you used:
 22 strings out of 467871
 530 string characters out of 5418376
 433733 words of memory out of 5000000
 29000 multiletter control sequences out of 15000+600000
 627721 words of font info for 40 fonts, out of 8000000 for 9000
 1141 hyphenation exceptions out of 8191
 22i,0n,32p,236b,17s stack positions out of 10000i,1000n,20000p,200000b,200000s
!  ==> Fatal error occurred, no output PDF file produced!
